
> build
> vite build

[36mvite v4.5.14 [32mbuilding for production...[36m[39m
transforming...
[32mΓ£ô[39m 53 modules transformed.
[32mΓ£ô built in 1.22s[39m
node.exe : [31m[vite]: Rollup failed to resolve import "chart.js/auto" from 
"C:/xampp/htdocs/reelStock/resources/js/components/ProductionDashboardComponent.vue".
At line:1 char:1
+ & "C:\Program Files\nodejs/node.exe" "C:\Program Files\nodejs/node_mo ...
+ ~~~~~~~~~~~~~~~~~~~~~~~~~~~~~~~~~~~~~~~~~~~~~~~~~~~~~~~~~~~~~~~~~~~~~
    + CategoryInfo          : NotSpecified: ([31m[vite]: Ro...Component.vue".:String) [], RemoteException
    + FullyQualifiedErrorId : NativeCommandError
 
This is most likely unintended because it can break your application at runtime.
If you do want to externalize this module explicitly add it to
`build.rollupOptions.external`[39m
[31merror during build:
Error: [vite]: Rollup failed to resolve import "chart.js/auto" from 
"C:/xampp/htdocs/reelStock/resources/js/components/ProductionDashboardComponent.vue".
This is most likely unintended because it can break your application at runtime.
If you do want to externalize this module explicitly add it to
`build.rollupOptions.external`
    at viteWarn (file:///C:/xampp/htdocs/reelStock/node_modules/vite/dist/node/chunks/dep-827b23df.js:48272:27)
    at onRollupWarning (file:///C:/xampp/htdocs/reelStock/node_modules/vite/dist/node/chunks/dep-827b23df.js:48304:9)
    at onwarn (file:///C:/xampp/htdocs/reelStock/node_modules/vite/dist/node/chunks/dep-827b23df.js:48032:13)
    at file:///C:/xampp/htdocs/reelStock/node_modules/rollup/dist/es/shared/node-entry.js:24276:13
    at Object.logger [as onLog] 
(file:///C:/xampp/htdocs/reelStock/node_modules/rollup/dist/es/shared/node-entry.js:25950:9)
    at ModuleLoader.handleInvalidResolvedId 
(file:///C:/xampp/htdocs/reelStock/node_modules/rollup/dist/es/shared/node-entry.js:24862:26)
    at file:///C:/xampp/htdocs/reelStock/node_modules/rollup/dist/es/shared/node-entry.js:24822:26[39m
